
> yumyum-client@1.0.0 build
> vite build

